模 式                                             
[ 快 速  ] [ 完 整  ]                               
名 称                                             
 default-name                                   
[ ✓ ] 启 用                                       
数 量                                             
[ - ] 3                                    [ + ]
[ 提 交  ]                [ 取 消  ]                
                                                
                                                
                                                
                                                
                                                
                                                
