标 题                                             
                                                
  • 列 表 项  加 粗  与  code                         
                                                
 cpp                                            
                                                
 int main() { return a_long_identifier_name + a 
 nother_long_identifier_name; }                 
                                                
                                                
                                                
                                                
