名 称                                         耗 时 
----------  ------------------------------------
编 译                                         1.4s
测 试 用 例 集                                   0.6s
a-very-lo…                                 12.4K
                                                
                                                
                                                
                                                
                                                
