├─ src                                  
│  ├─ main.cpp                          
│  └─ io.cpp                            
└─ README.md                            
                                        
                                        
                                        
                                        
